---
source: tui/src/onboarding/auth.rs
assertion_line: 1415
expression: terminal.backend()
---
> Use your own OpenAI-compatible API endpoint and key

  Optionally set a custom Base URL for an OpenAI-compatible upstream.
  The Base URL is saved to config.toml and the API key to auth.json.
  Leave Base URL empty to use the default OpenAI endpoint.

╭Base URL (optional)─────────────────────────────────────────────────────────╮
│Optional: https://api.example.com/v1                                        │
╰────────────────────────────────────────────────────────────────────────────╯

╭API key─────────────────────────────────────────────────────────────────────╮
│Paste or type your API key                                                  │
╰────────────────────────────────────────────────────────────────────────────╯
  Press ↑ or ↓ to switch fields
  Press enter to continue
  Press esc to go back
